Archive member included because of file (symbol)

e:/embided_deblom/amit/programs/avr_tool/sdk/sdk_win_64/sdk_win_64/winavr/bin/../lib/gcc/avr/4.3.3/avr5\libgcc.a(_udivmodqi4.o)
                              ./HAL/two_7seg_decoder/two_7SEG_prog.o (__udivmodqi4)
e:/embided_deblom/amit/programs/avr_tool/sdk/sdk_win_64/sdk_win_64/winavr/bin/../lib/gcc/avr/4.3.3/avr5\libgcc.a(_divmodhi4.o)
                              ./APP/main.o (__divmodhi4)
e:/embided_deblom/amit/programs/avr_tool/sdk/sdk_win_64/sdk_win_64/winavr/bin/../lib/gcc/avr/4.3.3/avr5\libgcc.a(_exit.o)
                              e:/embided_deblom/amit/programs/avr_tool/sdk/sdk_win_64/sdk_win_64/winavr/bin/../lib/gcc/avr/4.3.3/../../../../avr/lib/avr5/crtm32.o (exit)
e:/embided_deblom/amit/programs/avr_tool/sdk/sdk_win_64/sdk_win_64/winavr/bin/../lib/gcc/avr/4.3.3/avr5\libgcc.a(_copy_data.o)
                              ./MCAL/EXTI/EXTI_config.o (__do_copy_data)
e:/embided_deblom/amit/programs/avr_tool/sdk/sdk_win_64/sdk_win_64/winavr/bin/../lib/gcc/avr/4.3.3/avr5\libgcc.a(_clear_bss.o)
                              ./MCAL/TIMER2/TIMER2_prog.o (__do_clear_bss)
e:/embided_deblom/amit/programs/avr_tool/sdk/sdk_win_64/sdk_win_64/winavr/bin/../lib/gcc/avr/4.3.3/avr5\libgcc.a(_muldi3.o)
                              ./HAL/Temp_sensor/Temp_sensor_prog.o (__muldi3)
e:/embided_deblom/amit/programs/avr_tool/sdk/sdk_win_64/sdk_win_64/winavr/bin/../lib/gcc/avr/4.3.3/avr5\libgcc.a(_ashldi3.o)
                              ./MCAL/TIMER2/TIMER2_prog.o (__ashldi3)
e:/embided_deblom/amit/programs/avr_tool/sdk/sdk_win_64/sdk_win_64/winavr/bin/../lib/gcc/avr/4.3.3/avr5\libgcc.a(_fixunssfsi.o)
                              ./MCAL/TIMER2/TIMER2_prog.o (__fixunssfsi)
e:/embided_deblom/amit/programs/avr_tool/sdk/sdk_win_64/sdk_win_64/winavr/bin/../lib/gcc/avr/4.3.3/avr5\libgcc.a(_floatundisf.o)
                              ./MCAL/TIMER2/TIMER2_prog.o (__floatundisf)
e:/embided_deblom/amit/programs/avr_tool/sdk/sdk_win_64/sdk_win_64/winavr/bin/../lib/gcc/avr/4.3.3/avr5\libgcc.a(_addsub_sf.o)
                              ./MCAL/TIMER2/TIMER2_prog.o (__subsf3)
e:/embided_deblom/amit/programs/avr_tool/sdk/sdk_win_64/sdk_win_64/winavr/bin/../lib/gcc/avr/4.3.3/avr5\libgcc.a(_mul_sf.o)
                              ./MCAL/TIMER2/TIMER2_prog.o (__mulsf3)
e:/embided_deblom/amit/programs/avr_tool/sdk/sdk_win_64/sdk_win_64/winavr/bin/../lib/gcc/avr/4.3.3/avr5\libgcc.a(_div_sf.o)
                              ./MCAL/TIMER2/TIMER2_prog.o (__divsf3)
e:/embided_deblom/amit/programs/avr_tool/sdk/sdk_win_64/sdk_win_64/winavr/bin/../lib/gcc/avr/4.3.3/avr5\libgcc.a(_ge_sf.o)
                              e:/embided_deblom/amit/programs/avr_tool/sdk/sdk_win_64/sdk_win_64/winavr/bin/../lib/gcc/avr/4.3.3/avr5\libgcc.a(_fixunssfsi.o) (__gesf2)
e:/embided_deblom/amit/programs/avr_tool/sdk/sdk_win_64/sdk_win_64/winavr/bin/../lib/gcc/avr/4.3.3/avr5\libgcc.a(_si_to_sf.o)
                              ./MCAL/TIMER2/TIMER2_prog.o (__floatsisf)
e:/embided_deblom/amit/programs/avr_tool/sdk/sdk_win_64/sdk_win_64/winavr/bin/../lib/gcc/avr/4.3.3/avr5\libgcc.a(_sf_to_si.o)
                              e:/embided_deblom/amit/programs/avr_tool/sdk/sdk_win_64/sdk_win_64/winavr/bin/../lib/gcc/avr/4.3.3/avr5\libgcc.a(_fixunssfsi.o) (__fixsfsi)
e:/embided_deblom/amit/programs/avr_tool/sdk/sdk_win_64/sdk_win_64/winavr/bin/../lib/gcc/avr/4.3.3/avr5\libgcc.a(_thenan_sf.o)
                              e:/embided_deblom/amit/programs/avr_tool/sdk/sdk_win_64/sdk_win_64/winavr/bin/../lib/gcc/avr/4.3.3/avr5\libgcc.a(_addsub_sf.o) (__thenan_sf)
e:/embided_deblom/amit/programs/avr_tool/sdk/sdk_win_64/sdk_win_64/winavr/bin/../lib/gcc/avr/4.3.3/avr5\libgcc.a(_usi_to_sf.o)
                              e:/embided_deblom/amit/programs/avr_tool/sdk/sdk_win_64/sdk_win_64/winavr/bin/../lib/gcc/avr/4.3.3/avr5\libgcc.a(_floatundisf.o) (__floatunsisf)
e:/embided_deblom/amit/programs/avr_tool/sdk/sdk_win_64/sdk_win_64/winavr/bin/../lib/gcc/avr/4.3.3/avr5\libgcc.a(_mulsi3.o)
                              e:/embided_deblom/amit/programs/avr_tool/sdk/sdk_win_64/sdk_win_64/winavr/bin/../lib/gcc/avr/4.3.3/avr5\libgcc.a(_muldi3.o) (__mulsi3)
e:/embided_deblom/amit/programs/avr_tool/sdk/sdk_win_64/sdk_win_64/winavr/bin/../lib/gcc/avr/4.3.3/avr5\libgcc.a(_udivmodhi4.o)
                              e:/embided_deblom/amit/programs/avr_tool/sdk/sdk_win_64/sdk_win_64/winavr/bin/../lib/gcc/avr/4.3.3/avr5\libgcc.a(_divmodhi4.o) (__udivmodhi4)
e:/embided_deblom/amit/programs/avr_tool/sdk/sdk_win_64/sdk_win_64/winavr/bin/../lib/gcc/avr/4.3.3/avr5\libgcc.a(_prologue.o)
                              e:/embided_deblom/amit/programs/avr_tool/sdk/sdk_win_64/sdk_win_64/winavr/bin/../lib/gcc/avr/4.3.3/avr5\libgcc.a(_muldi3.o) (__prologue_saves__)
e:/embided_deblom/amit/programs/avr_tool/sdk/sdk_win_64/sdk_win_64/winavr/bin/../lib/gcc/avr/4.3.3/avr5\libgcc.a(_epilogue.o)
                              e:/embided_deblom/amit/programs/avr_tool/sdk/sdk_win_64/sdk_win_64/winavr/bin/../lib/gcc/avr/4.3.3/avr5\libgcc.a(_muldi3.o) (__epilogue_restores__)
e:/embided_deblom/amit/programs/avr_tool/sdk/sdk_win_64/sdk_win_64/winavr/bin/../lib/gcc/avr/4.3.3/avr5\libgcc.a(_lshrdi3.o)
                              e:/embided_deblom/amit/programs/avr_tool/sdk/sdk_win_64/sdk_win_64/winavr/bin/../lib/gcc/avr/4.3.3/avr5\libgcc.a(_floatundisf.o) (__lshrdi3)
e:/embided_deblom/amit/programs/avr_tool/sdk/sdk_win_64/sdk_win_64/winavr/bin/../lib/gcc/avr/4.3.3/avr5\libgcc.a(_clz.o)
                              e:/embided_deblom/amit/programs/avr_tool/sdk/sdk_win_64/sdk_win_64/winavr/bin/../lib/gcc/avr/4.3.3/avr5\libgcc.a(_floatundisf.o) (__clz_tab)
e:/embided_deblom/amit/programs/avr_tool/sdk/sdk_win_64/sdk_win_64/winavr/bin/../lib/gcc/avr/4.3.3/avr5\libgcc.a(_clzsi2.o)
                              e:/embided_deblom/amit/programs/avr_tool/sdk/sdk_win_64/sdk_win_64/winavr/bin/../lib/gcc/avr/4.3.3/avr5\libgcc.a(_si_to_sf.o) (__clzsi2)
e:/embided_deblom/amit/programs/avr_tool/sdk/sdk_win_64/sdk_win_64/winavr/bin/../lib/gcc/avr/4.3.3/avr5\libgcc.a(_pack_sf.o)
                              e:/embided_deblom/amit/programs/avr_tool/sdk/sdk_win_64/sdk_win_64/winavr/bin/../lib/gcc/avr/4.3.3/avr5\libgcc.a(_addsub_sf.o) (__pack_f)
e:/embided_deblom/amit/programs/avr_tool/sdk/sdk_win_64/sdk_win_64/winavr/bin/../lib/gcc/avr/4.3.3/avr5\libgcc.a(_unpack_sf.o)
                              e:/embided_deblom/amit/programs/avr_tool/sdk/sdk_win_64/sdk_win_64/winavr/bin/../lib/gcc/avr/4.3.3/avr5\libgcc.a(_addsub_sf.o) (__unpack_f)
e:/embided_deblom/amit/programs/avr_tool/sdk/sdk_win_64/sdk_win_64/winavr/bin/../lib/gcc/avr/4.3.3/avr5\libgcc.a(_fpcmp_parts_sf.o)
                              e:/embided_deblom/amit/programs/avr_tool/sdk/sdk_win_64/sdk_win_64/winavr/bin/../lib/gcc/avr/4.3.3/avr5\libgcc.a(_ge_sf.o) (__fpcmp_parts_f)

Memory Configuration

Name             Origin             Length             Attributes
text             0x00000000         0x00020000         xr
data             0x00800060         0x0000ffa0         rw !x
eeprom           0x00810000         0x00010000         rw !x
fuse             0x00820000         0x00000400         rw !x
lock             0x00830000         0x00000400         rw !x
signature        0x00840000         0x00000400         rw !x
*default*        0x00000000         0xffffffff

Linker script and memory map

LOAD e:/embided_deblom/amit/programs/avr_tool/sdk/sdk_win_64/sdk_win_64/winavr/bin/../lib/gcc/avr/4.3.3/../../../../avr/lib/avr5/crtm32.o
LOAD ./MCAL/TIMER2/TIMER2_prog.o
LOAD ./MCAL/GIE/GIE_prog.o
LOAD ./MCAL/EXTI/EXTI_config.o
LOAD ./MCAL/EXTI/EXTI_prog.o
LOAD ./MCAL/EEPROM/EEPROM_prog.o
LOAD ./MCAL/DIO/DIO_prog.o
LOAD ./MCAL/ADC/ADC_prog.o
LOAD ./HAL/two_7seg_decoder/two_7SEG_prog.o
LOAD ./HAL/Temp_sensor/Temp_sensor_prog.o
LOAD ./APP/main.o
LOAD e:/embided_deblom/amit/programs/avr_tool/sdk/sdk_win_64/sdk_win_64/winavr/bin/../lib/gcc/avr/4.3.3/avr5\libgcc.a
LOAD e:/embided_deblom/amit/programs/avr_tool/sdk/sdk_win_64/sdk_win_64/winavr/bin/../lib/gcc/avr/4.3.3/../../../../avr/lib/avr5\libc.a
LOAD e:/embided_deblom/amit/programs/avr_tool/sdk/sdk_win_64/sdk_win_64/winavr/bin/../lib/gcc/avr/4.3.3/avr5\libgcc.a

.hash
 *(.hash)

.dynsym
 *(.dynsym)

.dynstr
 *(.dynstr)

.gnu.version
 *(.gnu.version)

.gnu.version_d
 *(.gnu.version_d)

.gnu.version_r
 *(.gnu.version_r)

.rel.init
 *(.rel.init)

.rela.init
 *(.rela.init)

.rel.text
 *(.rel.text)
 *(.rel.text.*)
 *(.rel.gnu.linkonce.t*)

.rela.text
 *(.rela.text)
 *(.rela.text.*)
 *(.rela.gnu.linkonce.t*)

.rel.fini
 *(.rel.fini)

.rela.fini
 *(.rela.fini)

.rel.rodata
 *(.rel.rodata)
 *(.rel.rodata.*)
 *(.rel.gnu.linkonce.r*)

.rela.rodata
 *(.rela.rodata)
 *(.rela.rodata.*)
 *(.rela.gnu.linkonce.r*)

.rel.data
 *(.rel.data)
 *(.rel.data.*)
 *(.rel.gnu.linkonce.d*)

.rela.data
 *(.rela.data)
 *(.rela.data.*)
 *(.rela.gnu.linkonce.d*)

.rel.ctors
 *(.rel.ctors)

.rela.ctors
 *(.rela.ctors)

.rel.dtors
 *(.rel.dtors)

.rela.dtors
 *(.rela.dtors)

.rel.got
 *(.rel.got)

.rela.got
 *(.rela.got)

.rel.bss
 *(.rel.bss)

.rela.bss
 *(.rela.bss)

.rel.plt
 *(.rel.plt)

.rela.plt
 *(.rela.plt)

.text           0x00000000     0x43fe
 *(.vectors)
 .vectors       0x00000000       0x54 e:/embided_deblom/amit/programs/avr_tool/sdk/sdk_win_64/sdk_win_64/winavr/bin/../lib/gcc/avr/4.3.3/../../../../avr/lib/avr5/crtm32.o
                0x00000000                __vectors
                0x00000000                __vector_default
 *(.vectors)
 *(.progmem.gcc*)
 *(.progmem*)
                0x00000054                . = ALIGN (0x2)
                0x00000054                __trampolines_start = .
 *(.trampolines)
 .trampolines   0x00000054        0x0 linker stubs
 *(.trampolines*)
                0x00000054                __trampolines_end = .
 *(.jumptables)
 *(.jumptables*)
 *(.lowtext)
 *(.lowtext*)
                0x00000054                __ctors_start = .
 *(.ctors)
                0x00000054                __ctors_end = .
                0x00000054                __dtors_start = .
 *(.dtors)
                0x00000054                __dtors_end = .
 SORT(*)(.ctors)
 SORT(*)(.dtors)
 *(.init0)
 .init0         0x00000054        0x0 e:/embided_deblom/amit/programs/avr_tool/sdk/sdk_win_64/sdk_win_64/winavr/bin/../lib/gcc/avr/4.3.3/../../../../avr/lib/avr5/crtm32.o
                0x00000054                __init
 *(.init0)
 *(.init1)
 *(.init1)
 *(.init2)
 .init2         0x00000054        0xc e:/embided_deblom/amit/programs/avr_tool/sdk/sdk_win_64/sdk_win_64/winavr/bin/../lib/gcc/avr/4.3.3/../../../../avr/lib/avr5/crtm32.o
 *(.init2)
 *(.init3)
 *(.init3)
 *(.init4)
 .init4         0x00000060       0x16 e:/embided_deblom/amit/programs/avr_tool/sdk/sdk_win_64/sdk_win_64/winavr/bin/../lib/gcc/avr/4.3.3/avr5\libgcc.a(_copy_data.o)
                0x00000060                __do_copy_data
 .init4         0x00000076       0x10 e:/embided_deblom/amit/programs/avr_tool/sdk/sdk_win_64/sdk_win_64/winavr/bin/../lib/gcc/avr/4.3.3/avr5\libgcc.a(_clear_bss.o)
                0x00000076                __do_clear_bss
 *(.init4)
 *(.init5)
 *(.init5)
 *(.init6)
 *(.init6)
 *(.init7)
 *(.init7)
 *(.init8)
 *(.init8)
 *(.init9)
 .init9         0x00000086        0x8 e:/embided_deblom/amit/programs/avr_tool/sdk/sdk_win_64/sdk_win_64/winavr/bin/../lib/gcc/avr/4.3.3/../../../../avr/lib/avr5/crtm32.o
 *(.init9)
 *(.text)
 .text          0x0000008e        0x4 e:/embided_deblom/amit/programs/avr_tool/sdk/sdk_win_64/sdk_win_64/winavr/bin/../lib/gcc/avr/4.3.3/../../../../avr/lib/avr5/crtm32.o
                0x0000008e                __vector_12
                0x0000008e                __bad_interrupt
                0x0000008e                __vector_6
                0x0000008e                __vector_11
                0x0000008e                __vector_13
                0x0000008e                __vector_17
                0x0000008e                __vector_19
                0x0000008e                __vector_7
                0x0000008e                __vector_9
                0x0000008e                __vector_15
                0x0000008e                __vector_8
                0x0000008e                __vector_14
                0x0000008e                __vector_10
                0x0000008e                __vector_16
                0x0000008e                __vector_18
                0x0000008e                __vector_20
 .text          0x00000092        0x0 ./MCAL/TIMER2/TIMER2_prog.o
 .text          0x00000092        0x0 ./MCAL/GIE/GIE_prog.o
 .text          0x00000092        0x0 ./MCAL/EXTI/EXTI_config.o
 .text          0x00000092        0x0 ./MCAL/EXTI/EXTI_prog.o
 .text          0x00000092        0x0 ./MCAL/EEPROM/EEPROM_prog.o
 .text          0x00000092        0x0 ./MCAL/DIO/DIO_prog.o
 .text          0x00000092        0x0 ./MCAL/ADC/ADC_prog.o
 .text          0x00000092        0x0 ./HAL/two_7seg_decoder/two_7SEG_prog.o
 .text          0x00000092        0x0 ./HAL/Temp_sensor/Temp_sensor_prog.o
 .text          0x00000092        0x0 ./APP/main.o
 .text          0x00000092        0x0 e:/embided_deblom/amit/programs/avr_tool/sdk/sdk_win_64/sdk_win_64/winavr/bin/../lib/gcc/avr/4.3.3/avr5\libgcc.a(_udivmodqi4.o)
 .text          0x00000092        0x0 e:/embided_deblom/amit/programs/avr_tool/sdk/sdk_win_64/sdk_win_64/winavr/bin/../lib/gcc/avr/4.3.3/avr5\libgcc.a(_divmodhi4.o)
 .text          0x00000092        0x0 e:/embided_deblom/amit/programs/avr_tool/sdk/sdk_win_64/sdk_win_64/winavr/bin/../lib/gcc/avr/4.3.3/avr5\libgcc.a(_exit.o)
 .text          0x00000092        0x0 e:/embided_deblom/amit/programs/avr_tool/sdk/sdk_win_64/sdk_win_64/winavr/bin/../lib/gcc/avr/4.3.3/avr5\libgcc.a(_copy_data.o)
 .text          0x00000092        0x0 e:/embided_deblom/amit/programs/avr_tool/sdk/sdk_win_64/sdk_win_64/winavr/bin/../lib/gcc/avr/4.3.3/avr5\libgcc.a(_clear_bss.o)
 .text          0x00000092      0x1f6 e:/embided_deblom/amit/programs/avr_tool/sdk/sdk_win_64/sdk_win_64/winavr/bin/../lib/gcc/avr/4.3.3/avr5\libgcc.a(_muldi3.o)
                0x00000092                __muldi3
 .text          0x00000288       0xfe e:/embided_deblom/amit/programs/avr_tool/sdk/sdk_win_64/sdk_win_64/winavr/bin/../lib/gcc/avr/4.3.3/avr5\libgcc.a(_ashldi3.o)
                0x00000288                __ashldi3
 .text          0x00000386       0x58 e:/embided_deblom/amit/programs/avr_tool/sdk/sdk_win_64/sdk_win_64/winavr/bin/../lib/gcc/avr/4.3.3/avr5\libgcc.a(_fixunssfsi.o)
                0x00000386                __fixunssfsi
 .text          0x000003de      0x1b8 e:/embided_deblom/amit/programs/avr_tool/sdk/sdk_win_64/sdk_win_64/winavr/bin/../lib/gcc/avr/4.3.3/avr5\libgcc.a(_floatundisf.o)
                0x000003de                __floatundisf
 .text          0x00000596      0x354 e:/embided_deblom/amit/programs/avr_tool/sdk/sdk_win_64/sdk_win_64/winavr/bin/../lib/gcc/avr/4.3.3/avr5\libgcc.a(_addsub_sf.o)
                0x0000082e                __subsf3
                0x00000890                __addsf3
 .text          0x000008ea      0x1f4 e:/embided_deblom/amit/programs/avr_tool/sdk/sdk_win_64/sdk_win_64/winavr/bin/../lib/gcc/avr/4.3.3/avr5\libgcc.a(_mul_sf.o)
                0x000008ea                __mulsf3
 .text          0x00000ade      0x158 e:/embided_deblom/amit/programs/avr_tool/sdk/sdk_win_64/sdk_win_64/winavr/bin/../lib/gcc/avr/4.3.3/avr5\libgcc.a(_div_sf.o)
                0x00000ade                __divsf3
 .text          0x00000c36       0x60 e:/embided_deblom/amit/programs/avr_tool/sdk/sdk_win_64/sdk_win_64/winavr/bin/../lib/gcc/avr/4.3.3/avr5\libgcc.a(_ge_sf.o)
                0x00000c36                __gesf2
 .text          0x00000c96       0xbc e:/embided_deblom/amit/programs/avr_tool/sdk/sdk_win_64/sdk_win_64/winavr/bin/../lib/gcc/avr/4.3.3/avr5\libgcc.a(_si_to_sf.o)
                0x00000c96                __floatsisf
 .text          0x00000d52       0xa8 e:/embided_deblom/amit/programs/avr_tool/sdk/sdk_win_64/sdk_win_64/winavr/bin/../lib/gcc/avr/4.3.3/avr5\libgcc.a(_sf_to_si.o)
                0x00000d52                __fixsfsi
 .text          0x00000dfa        0x0 e:/embided_deblom/amit/programs/avr_tool/sdk/sdk_win_64/sdk_win_64/winavr/bin/../lib/gcc/avr/4.3.3/avr5\libgcc.a(_thenan_sf.o)
 .text          0x00000dfa       0xf2 e:/embided_deblom/amit/programs/avr_tool/sdk/sdk_win_64/sdk_win_64/winavr/bin/../lib/gcc/avr/4.3.3/avr5\libgcc.a(_usi_to_sf.o)
                0x00000dfa                __floatunsisf
 .text          0x00000eec        0x0 e:/embided_deblom/amit/programs/avr_tool/sdk/sdk_win_64/sdk_win_64/winavr/bin/../lib/gcc/avr/4.3.3/avr5\libgcc.a(_mulsi3.o)
 .text          0x00000eec        0x0 e:/embided_deblom/amit/programs/avr_tool/sdk/sdk_win_64/sdk_win_64/winavr/bin/../lib/gcc/avr/4.3.3/avr5\libgcc.a(_udivmodhi4.o)
 .text          0x00000eec        0x0 e:/embided_deblom/amit/programs/avr_tool/sdk/sdk_win_64/sdk_win_64/winavr/bin/../lib/gcc/avr/4.3.3/avr5\libgcc.a(_prologue.o)
 .text          0x00000eec        0x0 e:/embided_deblom/amit/programs/avr_tool/sdk/sdk_win_64/sdk_win_64/winavr/bin/../lib/gcc/avr/4.3.3/avr5\libgcc.a(_epilogue.o)
 .text          0x00000eec       0xfe e:/embided_deblom/amit/programs/avr_tool/sdk/sdk_win_64/sdk_win_64/winavr/bin/../lib/gcc/avr/4.3.3/avr5\libgcc.a(_lshrdi3.o)
                0x00000eec                __lshrdi3
 .text          0x00000fea        0x0 e:/embided_deblom/amit/programs/avr_tool/sdk/sdk_win_64/sdk_win_64/winavr/bin/../lib/gcc/avr/4.3.3/avr5\libgcc.a(_clz.o)
 .text          0x00000fea       0x9e e:/embided_deblom/amit/programs/avr_tool/sdk/sdk_win_64/sdk_win_64/winavr/bin/../lib/gcc/avr/4.3.3/avr5\libgcc.a(_clzsi2.o)
                0x00000fea                __clzsi2
 .text          0x00001088      0x1aa e:/embided_deblom/amit/programs/avr_tool/sdk/sdk_win_64/sdk_win_64/winavr/bin/../lib/gcc/avr/4.3.3/avr5\libgcc.a(_pack_sf.o)
                0x00001088                __pack_f
 .text          0x00001232       0xf0 e:/embided_deblom/amit/programs/avr_tool/sdk/sdk_win_64/sdk_win_64/winavr/bin/../lib/gcc/avr/4.3.3/avr5\libgcc.a(_unpack_sf.o)
                0x00001232                __unpack_f
 .text          0x00001322       0xb2 e:/embided_deblom/amit/programs/avr_tool/sdk/sdk_win_64/sdk_win_64/winavr/bin/../lib/gcc/avr/4.3.3/avr5\libgcc.a(_fpcmp_parts_sf.o)
                0x00001322                __fpcmp_parts_f
                0x000013d4                . = ALIGN (0x2)
 *(.text.*)
 .text.TIMER2_enuInit
                0x000013d4       0x56 ./MCAL/TIMER2/TIMER2_prog.o
                0x000013d4                TIMER2_enuInit
 .text.TIMER2_enuSetwaveMood
                0x0000142a       0x48 ./MCAL/TIMER2/TIMER2_prog.o
                0x0000142a                TIMER2_enuSetwaveMood
 .text.TIMER2_enuSetOC2Mood
                0x00001472       0x48 ./MCAL/TIMER2/TIMER2_prog.o
                0x00001472                TIMER2_enuSetOC2Mood
 .text.TIMER2_enuSetPWMDuty
                0x000014ba     0x1220 ./MCAL/TIMER2/TIMER2_prog.o
                0x000014ba                TIMER2_enuSetPWMDuty
 .text.TIMER2_enuSetthePrescaler
                0x000026da       0x4e ./MCAL/TIMER2/TIMER2_prog.o
                0x000026da                TIMER2_enuSetthePrescaler
 .text.TIMER2_enuEnableInterrupt
                0x00002728       0x40 ./MCAL/TIMER2/TIMER2_prog.o
                0x00002728                TIMER2_enuEnableInterrupt
 .text.TIMER2_enuDisableInterrupt
                0x00002768       0x3e ./MCAL/TIMER2/TIMER2_prog.o
                0x00002768                TIMER2_enuDisableInterrupt
 .text.TIMER2_enuCallBackFun
                0x000027a6       0xa2 ./MCAL/TIMER2/TIMER2_prog.o
                0x000027a6                TIMER2_enuCallBackFun
 .text.__vector_4
                0x00002848       0x6e ./MCAL/TIMER2/TIMER2_prog.o
                0x00002848                __vector_4
 .text.__vector_5
                0x000028b6       0x6e ./MCAL/TIMER2/TIMER2_prog.o
                0x000028b6                __vector_5
 .text.GIE_enuInit
                0x00002924       0x12 ./MCAL/GIE/GIE_prog.o
                0x00002924                GIE_enuInit
 .text.GIE_enuEnable
                0x00002936       0x12 ./MCAL/GIE/GIE_prog.o
                0x00002936                GIE_enuEnable
 .text.GIE_enuDisable
                0x00002948       0x12 ./MCAL/GIE/GIE_prog.o
                0x00002948                GIE_enuDisable
 .text.EXTI_enuInit
                0x0000295a      0x35a ./MCAL/EXTI/EXTI_prog.o
                0x0000295a                EXTI_enuInit
 .text.EXTI_enuSetSenseLevel
                0x00002cb4      0x1c6 ./MCAL/EXTI/EXTI_prog.o
                0x00002cb4                EXTI_enuSetSenseLevel
 .text.EXTI_enuEnableInterrupt
                0x00002e7a       0x8e ./MCAL/EXTI/EXTI_prog.o
                0x00002e7a                EXTI_enuEnableInterrupt
 .text.EXTI_enuDisableInterrupt
                0x00002f08       0x8e ./MCAL/EXTI/EXTI_prog.o
                0x00002f08                EXTI_enuDisableInterrupt
 .text.EXTI_enuCallBack
                0x00002f96       0x98 ./MCAL/EXTI/EXTI_prog.o
                0x00002f96                EXTI_enuCallBack
 .text.__vector_1
                0x0000302e       0x6e ./MCAL/EXTI/EXTI_prog.o
                0x0000302e                __vector_1
 .text.__vector_2
                0x0000309c       0x6e ./MCAL/EXTI/EXTI_prog.o
                0x0000309c                __vector_2
 .text.__vector_3
                0x0000310a       0x6e ./MCAL/EXTI/EXTI_prog.o
                0x0000310a                __vector_3
 .text.EEPROM_write
                0x00003178       0x6c ./MCAL/EEPROM/EEPROM_prog.o
                0x00003178                EEPROM_write
 .text.EEPROM_read
                0x000031e4       0x70 ./MCAL/EEPROM/EEPROM_prog.o
                0x000031e4                EEPROM_read
 .text.EEPROM_ADDString
                0x00003254       0xc4 ./MCAL/EEPROM/EEPROM_prog.o
                0x00003254                EEPROM_ADDString
 .text.EEPROM_ReadString
                0x00003318       0xb6 ./MCAL/EEPROM/EEPROM_prog.o
                0x00003318                EEPROM_ReadString
 .text.EEPROM_intEnable
                0x000033ce       0x26 ./MCAL/EEPROM/EEPROM_prog.o
                0x000033ce                EEPROM_intEnable
 .text.EEPROM_intDisable
                0x000033f4       0x26 ./MCAL/EEPROM/EEPROM_prog.o
                0x000033f4                EEPROM_intDisable
 .text.DIO_enuInit
                0x0000341a       0x26 ./MCAL/DIO/DIO_prog.o
                0x0000341a                DIO_enuInit
 .text.DIO_enuSetPinDirection
                0x00003440      0x1d8 ./MCAL/DIO/DIO_prog.o
                0x00003440                DIO_enuSetPinDirection
 .text.DIO_enuSetPinValue
                0x00003618      0x1d8 ./MCAL/DIO/DIO_prog.o
                0x00003618                DIO_enuSetPinValue
 .text.DIO_enuTogglePinValue
                0x000037f0      0x11c ./MCAL/DIO/DIO_prog.o
                0x000037f0                DIO_enuTogglePinValue
 .text.DIO_enuGetPinValue
                0x0000390c      0x13c ./MCAL/DIO/DIO_prog.o
                0x0000390c                DIO_enuGetPinValue
 .text.ADC_enuInit
                0x00003a48       0x84 ./MCAL/ADC/ADC_prog.o
                0x00003a48                ADC_enuInit
 .text.ADC_enuStartConversion
                0x00003acc       0x24 ./MCAL/ADC/ADC_prog.o
                0x00003acc                ADC_enuStartConversion
 .text.ADC_enuRead
                0x00003af0       0xbc ./MCAL/ADC/ADC_prog.o
                0x00003af0                ADC_enuRead
 .text.ADC_enuPollingRead
                0x00003bac       0xca ./MCAL/ADC/ADC_prog.o
                0x00003bac                ADC_enuPollingRead
 .text.S7SEG2_enuInit
                0x00003c76       0x22 ./HAL/two_7seg_decoder/two_7SEG_prog.o
                0x00003c76                S7SEG2_enuInit
 .text.S7SEG2_enuSendInteger
                0x00003c98       0x5e ./HAL/two_7seg_decoder/two_7SEG_prog.o
                0x00003c98                S7SEG2_enuSendInteger
 .text.TEMP_voidInit
                0x00003cf6       0x1e ./HAL/Temp_sensor/Temp_sensor_prog.o
                0x00003cf6                TEMP_voidInit
 .text.TEMP_u16GetValue
                0x00003d14      0x124 ./HAL/Temp_sensor/Temp_sensor_prog.o
                0x00003d14                TEMP_u16GetValue
 .text.EXTI_ONOFFfun
                0x00003e38       0x7c ./APP/main.o
                0x00003e38                EXTI_ONOFFfun
 .text.IncreaseTemp
                0x00003eb4       0x38 ./APP/main.o
                0x00003eb4                IncreaseTemp
 .text.DecreaseTemp
                0x00003eec       0x38 ./APP/main.o
                0x00003eec                DecreaseTemp
 .text.Timerovfcounter
                0x00003f24       0x7a ./APP/main.o
                0x00003f24                Timerovfcounter
 .text.main     0x00003f9e      0x34a ./APP/main.o
                0x00003f9e                main
 .text.libgcc   0x000042e8       0x18 e:/embided_deblom/amit/programs/avr_tool/sdk/sdk_win_64/sdk_win_64/winavr/bin/../lib/gcc/avr/4.3.3/avr5\libgcc.a(_udivmodqi4.o)
                0x000042e8                __udivmodqi4
 .text.libgcc   0x00004300       0x26 e:/embided_deblom/amit/programs/avr_tool/sdk/sdk_win_64/sdk_win_64/winavr/bin/../lib/gcc/avr/4.3.3/avr5\libgcc.a(_divmodhi4.o)
                0x00004300                __divmodhi4
                0x00004300                _div
 .text.libgcc   0x00004326        0x0 e:/embided_deblom/amit/programs/avr_tool/sdk/sdk_win_64/sdk_win_64/winavr/bin/../lib/gcc/avr/4.3.3/avr5\libgcc.a(_exit.o)
 .text.libgcc   0x00004326        0x0 e:/embided_deblom/amit/programs/avr_tool/sdk/sdk_win_64/sdk_win_64/winavr/bin/../lib/gcc/avr/4.3.3/avr5\libgcc.a(_copy_data.o)
 .text.libgcc   0x00004326        0x0 e:/embided_deblom/amit/programs/avr_tool/sdk/sdk_win_64/sdk_win_64/winavr/bin/../lib/gcc/avr/4.3.3/avr5\libgcc.a(_clear_bss.o)
 .text.libgcc   0x00004326       0x3e e:/embided_deblom/amit/programs/avr_tool/sdk/sdk_win_64/sdk_win_64/winavr/bin/../lib/gcc/avr/4.3.3/avr5\libgcc.a(_mulsi3.o)
                0x00004326                __mulsi3
 .text.libgcc   0x00004364       0x28 e:/embided_deblom/amit/programs/avr_tool/sdk/sdk_win_64/sdk_win_64/winavr/bin/../lib/gcc/avr/4.3.3/avr5\libgcc.a(_udivmodhi4.o)
                0x00004364                __udivmodhi4
 .text.libgcc   0x0000438c       0x38 e:/embided_deblom/amit/programs/avr_tool/sdk/sdk_win_64/sdk_win_64/winavr/bin/../lib/gcc/avr/4.3.3/avr5\libgcc.a(_prologue.o)
                0x0000438c                __prologue_saves__
 .text.libgcc   0x000043c4       0x36 e:/embided_deblom/amit/programs/avr_tool/sdk/sdk_win_64/sdk_win_64/winavr/bin/../lib/gcc/avr/4.3.3/avr5\libgcc.a(_epilogue.o)
                0x000043c4                __epilogue_restores__
                0x000043fa                . = ALIGN (0x2)
 *(.fini9)
 .fini9         0x000043fa        0x0 e:/embided_deblom/amit/programs/avr_tool/sdk/sdk_win_64/sdk_win_64/winavr/bin/../lib/gcc/avr/4.3.3/avr5\libgcc.a(_exit.o)
                0x000043fa                exit
                0x000043fa                _exit
 *(.fini9)
 *(.fini8)
 *(.fini8)
 *(.fini7)
 *(.fini7)
 *(.fini6)
 *(.fini6)
 *(.fini5)
 *(.fini5)
 *(.fini4)
 *(.fini4)
 *(.fini3)
 *(.fini3)
 *(.fini2)
 *(.fini2)
 *(.fini1)
 *(.fini1)
 *(.fini0)
 .fini0         0x000043fa        0x4 e:/embided_deblom/amit/programs/avr_tool/sdk/sdk_win_64/sdk_win_64/winavr/bin/../lib/gcc/avr/4.3.3/avr5\libgcc.a(_exit.o)
 *(.fini0)
                0x000043fe                _etext = .

.data           0x00800060      0x116 load address 0x000043fe
                0x00800060                PROVIDE (__data_start, .)
 *(.data)
 .data          0x00800060        0x0 e:/embided_deblom/amit/programs/avr_tool/sdk/sdk_win_64/sdk_win_64/winavr/bin/../lib/gcc/avr/4.3.3/../../../../avr/lib/avr5/crtm32.o
 .data          0x00800060        0x0 ./MCAL/TIMER2/TIMER2_prog.o
 .data          0x00800060        0x0 ./MCAL/GIE/GIE_prog.o
 .data          0x00800060        0x0 ./MCAL/EXTI/EXTI_config.o
 .data          0x00800060        0x0 ./MCAL/EXTI/EXTI_prog.o
 .data          0x00800060        0x0 ./MCAL/EEPROM/EEPROM_prog.o
 .data          0x00800060        0x0 ./MCAL/DIO/DIO_prog.o
 .data          0x00800060        0x0 ./MCAL/ADC/ADC_prog.o
 .data          0x00800060        0x0 ./HAL/two_7seg_decoder/two_7SEG_prog.o
 .data          0x00800060        0x0 ./HAL/Temp_sensor/Temp_sensor_prog.o
 .data          0x00800060        0x0 ./APP/main.o
 .data          0x00800060        0x0 e:/embided_deblom/amit/programs/avr_tool/sdk/sdk_win_64/sdk_win_64/winavr/bin/../lib/gcc/avr/4.3.3/avr5\libgcc.a(_udivmodqi4.o)
 .data          0x00800060        0x0 e:/embided_deblom/amit/programs/avr_tool/sdk/sdk_win_64/sdk_win_64/winavr/bin/../lib/gcc/avr/4.3.3/avr5\libgcc.a(_divmodhi4.o)
 .data          0x00800060        0x0 e:/embided_deblom/amit/programs/avr_tool/sdk/sdk_win_64/sdk_win_64/winavr/bin/../lib/gcc/avr/4.3.3/avr5\libgcc.a(_exit.o)
 .data          0x00800060        0x0 e:/embided_deblom/amit/programs/avr_tool/sdk/sdk_win_64/sdk_win_64/winavr/bin/../lib/gcc/avr/4.3.3/avr5\libgcc.a(_copy_data.o)
 .data          0x00800060        0x0 e:/embided_deblom/amit/programs/avr_tool/sdk/sdk_win_64/sdk_win_64/winavr/bin/../lib/gcc/avr/4.3.3/avr5\libgcc.a(_clear_bss.o)
 .data          0x00800060        0x0 e:/embided_deblom/amit/programs/avr_tool/sdk/sdk_win_64/sdk_win_64/winavr/bin/../lib/gcc/avr/4.3.3/avr5\libgcc.a(_muldi3.o)
 .data          0x00800060        0x0 e:/embided_deblom/amit/programs/avr_tool/sdk/sdk_win_64/sdk_win_64/winavr/bin/../lib/gcc/avr/4.3.3/avr5\libgcc.a(_ashldi3.o)
 .data          0x00800060        0x0 e:/embided_deblom/amit/programs/avr_tool/sdk/sdk_win_64/sdk_win_64/winavr/bin/../lib/gcc/avr/4.3.3/avr5\libgcc.a(_fixunssfsi.o)
 .data          0x00800060        0x0 e:/embided_deblom/amit/programs/avr_tool/sdk/sdk_win_64/sdk_win_64/winavr/bin/../lib/gcc/avr/4.3.3/avr5\libgcc.a(_floatundisf.o)
 .data          0x00800060        0x0 e:/embided_deblom/amit/programs/avr_tool/sdk/sdk_win_64/sdk_win_64/winavr/bin/../lib/gcc/avr/4.3.3/avr5\libgcc.a(_addsub_sf.o)
 .data          0x00800060        0x0 e:/embided_deblom/amit/programs/avr_tool/sdk/sdk_win_64/sdk_win_64/winavr/bin/../lib/gcc/avr/4.3.3/avr5\libgcc.a(_mul_sf.o)
 .data          0x00800060        0x0 e:/embided_deblom/amit/programs/avr_tool/sdk/sdk_win_64/sdk_win_64/winavr/bin/../lib/gcc/avr/4.3.3/avr5\libgcc.a(_div_sf.o)
 .data          0x00800060        0x0 e:/embided_deblom/amit/programs/avr_tool/sdk/sdk_win_64/sdk_win_64/winavr/bin/../lib/gcc/avr/4.3.3/avr5\libgcc.a(_ge_sf.o)
 .data          0x00800060        0x0 e:/embided_deblom/amit/programs/avr_tool/sdk/sdk_win_64/sdk_win_64/winavr/bin/../lib/gcc/avr/4.3.3/avr5\libgcc.a(_si_to_sf.o)
 .data          0x00800060        0x0 e:/embided_deblom/amit/programs/avr_tool/sdk/sdk_win_64/sdk_win_64/winavr/bin/../lib/gcc/avr/4.3.3/avr5\libgcc.a(_sf_to_si.o)
 .data          0x00800060        0x8 e:/embided_deblom/amit/programs/avr_tool/sdk/sdk_win_64/sdk_win_64/winavr/bin/../lib/gcc/avr/4.3.3/avr5\libgcc.a(_thenan_sf.o)
                0x00800060                __thenan_sf
 .data          0x00800068        0x0 e:/embided_deblom/amit/programs/avr_tool/sdk/sdk_win_64/sdk_win_64/winavr/bin/../lib/gcc/avr/4.3.3/avr5\libgcc.a(_usi_to_sf.o)
 .data          0x00800068        0x0 e:/embided_deblom/amit/programs/avr_tool/sdk/sdk_win_64/sdk_win_64/winavr/bin/../lib/gcc/avr/4.3.3/avr5\libgcc.a(_mulsi3.o)
 .data          0x00800068        0x0 e:/embided_deblom/amit/programs/avr_tool/sdk/sdk_win_64/sdk_win_64/winavr/bin/../lib/gcc/avr/4.3.3/avr5\libgcc.a(_udivmodhi4.o)
 .data          0x00800068        0x0 e:/embided_deblom/amit/programs/avr_tool/sdk/sdk_win_64/sdk_win_64/winavr/bin/../lib/gcc/avr/4.3.3/avr5\libgcc.a(_prologue.o)
 .data          0x00800068        0x0 e:/embided_deblom/amit/programs/avr_tool/sdk/sdk_win_64/sdk_win_64/winavr/bin/../lib/gcc/avr/4.3.3/avr5\libgcc.a(_epilogue.o)
 .data          0x00800068        0x0 e:/embided_deblom/amit/programs/avr_tool/sdk/sdk_win_64/sdk_win_64/winavr/bin/../lib/gcc/avr/4.3.3/avr5\libgcc.a(_lshrdi3.o)
 .data          0x00800068      0x100 e:/embided_deblom/amit/programs/avr_tool/sdk/sdk_win_64/sdk_win_64/winavr/bin/../lib/gcc/avr/4.3.3/avr5\libgcc.a(_clz.o)
                0x00800068                __clz_tab
 .data          0x00800168        0x0 e:/embided_deblom/amit/programs/avr_tool/sdk/sdk_win_64/sdk_win_64/winavr/bin/../lib/gcc/avr/4.3.3/avr5\libgcc.a(_clzsi2.o)
 .data          0x00800168        0x0 e:/embided_deblom/amit/programs/avr_tool/sdk/sdk_win_64/sdk_win_64/winavr/bin/../lib/gcc/avr/4.3.3/avr5\libgcc.a(_pack_sf.o)
 .data          0x00800168        0x0 e:/embided_deblom/amit/programs/avr_tool/sdk/sdk_win_64/sdk_win_64/winavr/bin/../lib/gcc/avr/4.3.3/avr5\libgcc.a(_unpack_sf.o)
 .data          0x00800168        0x0 e:/embided_deblom/amit/programs/avr_tool/sdk/sdk_win_64/sdk_win_64/winavr/bin/../lib/gcc/avr/4.3.3/avr5\libgcc.a(_fpcmp_parts_sf.o)
 *(.data*)
 .data.EXTI_u8EXTINum
                0x00800168        0x1 ./MCAL/EXTI/EXTI_config.o
                0x00800168                EXTI_u8EXTINum
 .data.EXTI_AstrEXTIConfig
                0x00800169        0x9 ./MCAL/EXTI/EXTI_config.o
                0x00800169                EXTI_AstrEXTIConfig
 .data.OneSecCounts
                0x00800172        0x1 ./APP/main.o
                0x00800172                OneSecCounts
 .data.tempre_set
                0x00800173        0x1 ./APP/main.o
                0x00800173                tempre_set
 .data.Controller_PowerMood
                0x00800174        0x1 ./APP/main.o
                0x00800174                Controller_PowerMood
 *(.rodata)
 *(.rodata*)
 *(.gnu.linkonce.d*)
                0x00800176                . = ALIGN (0x2)
 *fill*         0x00800175        0x1 00
                0x00800176                _edata = .
                0x00800176                PROVIDE (__data_end, .)

.bss            0x00800176       0x19
                0x00800176                PROVIDE (__bss_start, .)
 *(.bss)
 .bss           0x00800176        0x0 e:/embided_deblom/amit/programs/avr_tool/sdk/sdk_win_64/sdk_win_64/winavr/bin/../lib/gcc/avr/4.3.3/../../../../avr/lib/avr5/crtm32.o
 .bss           0x00800176        0x0 ./MCAL/TIMER2/TIMER2_prog.o
 .bss           0x00800176        0x0 ./MCAL/GIE/GIE_prog.o
 .bss           0x00800176        0x0 ./MCAL/EXTI/EXTI_config.o
 .bss           0x00800176        0x0 ./MCAL/EXTI/EXTI_prog.o
 .bss           0x00800176        0x0 ./MCAL/EEPROM/EEPROM_prog.o
 .bss           0x00800176        0x0 ./MCAL/DIO/DIO_prog.o
 .bss           0x00800176        0x0 ./MCAL/ADC/ADC_prog.o
 .bss           0x00800176        0x0 ./HAL/two_7seg_decoder/two_7SEG_prog.o
 .bss           0x00800176        0x0 ./HAL/Temp_sensor/Temp_sensor_prog.o
 .bss           0x00800176        0x0 ./APP/main.o
 .bss           0x00800176        0x0 e:/embided_deblom/amit/programs/avr_tool/sdk/sdk_win_64/sdk_win_64/winavr/bin/../lib/gcc/avr/4.3.3/avr5\libgcc.a(_udivmodqi4.o)
 .bss           0x00800176        0x0 e:/embided_deblom/amit/programs/avr_tool/sdk/sdk_win_64/sdk_win_64/winavr/bin/../lib/gcc/avr/4.3.3/avr5\libgcc.a(_divmodhi4.o)
 .bss           0x00800176        0x0 e:/embided_deblom/amit/programs/avr_tool/sdk/sdk_win_64/sdk_win_64/winavr/bin/../lib/gcc/avr/4.3.3/avr5\libgcc.a(_exit.o)
 .bss           0x00800176        0x0 e:/embided_deblom/amit/programs/avr_tool/sdk/sdk_win_64/sdk_win_64/winavr/bin/../lib/gcc/avr/4.3.3/avr5\libgcc.a(_copy_data.o)
 .bss           0x00800176        0x0 e:/embided_deblom/amit/programs/avr_tool/sdk/sdk_win_64/sdk_win_64/winavr/bin/../lib/gcc/avr/4.3.3/avr5\libgcc.a(_clear_bss.o)
 .bss           0x00800176        0x0 e:/embided_deblom/amit/programs/avr_tool/sdk/sdk_win_64/sdk_win_64/winavr/bin/../lib/gcc/avr/4.3.3/avr5\libgcc.a(_muldi3.o)
 .bss           0x00800176        0x0 e:/embided_deblom/amit/programs/avr_tool/sdk/sdk_win_64/sdk_win_64/winavr/bin/../lib/gcc/avr/4.3.3/avr5\libgcc.a(_ashldi3.o)
 .bss           0x00800176        0x0 e:/embided_deblom/amit/programs/avr_tool/sdk/sdk_win_64/sdk_win_64/winavr/bin/../lib/gcc/avr/4.3.3/avr5\libgcc.a(_fixunssfsi.o)
 .bss           0x00800176        0x0 e:/embided_deblom/amit/programs/avr_tool/sdk/sdk_win_64/sdk_win_64/winavr/bin/../lib/gcc/avr/4.3.3/avr5\libgcc.a(_floatundisf.o)
 .bss           0x00800176        0x0 e:/embided_deblom/amit/programs/avr_tool/sdk/sdk_win_64/sdk_win_64/winavr/bin/../lib/gcc/avr/4.3.3/avr5\libgcc.a(_addsub_sf.o)
 .bss           0x00800176        0x0 e:/embided_deblom/amit/programs/avr_tool/sdk/sdk_win_64/sdk_win_64/winavr/bin/../lib/gcc/avr/4.3.3/avr5\libgcc.a(_mul_sf.o)
 .bss           0x00800176        0x0 e:/embided_deblom/amit/programs/avr_tool/sdk/sdk_win_64/sdk_win_64/winavr/bin/../lib/gcc/avr/4.3.3/avr5\libgcc.a(_div_sf.o)
 .bss           0x00800176        0x0 e:/embided_deblom/amit/programs/avr_tool/sdk/sdk_win_64/sdk_win_64/winavr/bin/../lib/gcc/avr/4.3.3/avr5\libgcc.a(_ge_sf.o)
 .bss           0x00800176        0x0 e:/embided_deblom/amit/programs/avr_tool/sdk/sdk_win_64/sdk_win_64/winavr/bin/../lib/gcc/avr/4.3.3/avr5\libgcc.a(_si_to_sf.o)
 .bss           0x00800176        0x0 e:/embided_deblom/amit/programs/avr_tool/sdk/sdk_win_64/sdk_win_64/winavr/bin/../lib/gcc/avr/4.3.3/avr5\libgcc.a(_sf_to_si.o)
 .bss           0x00800176        0x0 e:/embided_deblom/amit/programs/avr_tool/sdk/sdk_win_64/sdk_win_64/winavr/bin/../lib/gcc/avr/4.3.3/avr5\libgcc.a(_thenan_sf.o)
 .bss           0x00800176        0x0 e:/embided_deblom/amit/programs/avr_tool/sdk/sdk_win_64/sdk_win_64/winavr/bin/../lib/gcc/avr/4.3.3/avr5\libgcc.a(_usi_to_sf.o)
 .bss           0x00800176        0x0 e:/embided_deblom/amit/programs/avr_tool/sdk/sdk_win_64/sdk_win_64/winavr/bin/../lib/gcc/avr/4.3.3/avr5\libgcc.a(_mulsi3.o)
 .bss           0x00800176        0x0 e:/embided_deblom/amit/programs/avr_tool/sdk/sdk_win_64/sdk_win_64/winavr/bin/../lib/gcc/avr/4.3.3/avr5\libgcc.a(_udivmodhi4.o)
 .bss           0x00800176        0x0 e:/embided_deblom/amit/programs/avr_tool/sdk/sdk_win_64/sdk_win_64/winavr/bin/../lib/gcc/avr/4.3.3/avr5\libgcc.a(_prologue.o)
 .bss           0x00800176        0x0 e:/embided_deblom/amit/programs/avr_tool/sdk/sdk_win_64/sdk_win_64/winavr/bin/../lib/gcc/avr/4.3.3/avr5\libgcc.a(_epilogue.o)
 .bss           0x00800176        0x0 e:/embided_deblom/amit/programs/avr_tool/sdk/sdk_win_64/sdk_win_64/winavr/bin/../lib/gcc/avr/4.3.3/avr5\libgcc.a(_lshrdi3.o)
 .bss           0x00800176        0x0 e:/embided_deblom/amit/programs/avr_tool/sdk/sdk_win_64/sdk_win_64/winavr/bin/../lib/gcc/avr/4.3.3/avr5\libgcc.a(_clz.o)
 .bss           0x00800176        0x0 e:/embided_deblom/amit/programs/avr_tool/sdk/sdk_win_64/sdk_win_64/winavr/bin/../lib/gcc/avr/4.3.3/avr5\libgcc.a(_clzsi2.o)
 .bss           0x00800176        0x0 e:/embided_deblom/amit/programs/avr_tool/sdk/sdk_win_64/sdk_win_64/winavr/bin/../lib/gcc/avr/4.3.3/avr5\libgcc.a(_pack_sf.o)
 .bss           0x00800176        0x0 e:/embided_deblom/amit/programs/avr_tool/sdk/sdk_win_64/sdk_win_64/winavr/bin/../lib/gcc/avr/4.3.3/avr5\libgcc.a(_unpack_sf.o)
 .bss           0x00800176        0x0 e:/embided_deblom/amit/programs/avr_tool/sdk/sdk_win_64/sdk_win_64/winavr/bin/../lib/gcc/avr/4.3.3/avr5\libgcc.a(_fpcmp_parts_sf.o)
 *(.bss*)
 .bss.TIMER2_ApfunISRfun
                0x00800176        0x4 ./MCAL/TIMER2/TIMER2_prog.o
 .bss.TIMER2_ApvidISRParameter
                0x0080017a        0x4 ./MCAL/TIMER2/TIMER2_prog.o
 .bss.EXTI_ApfunISRFun
                0x0080017e        0x6 ./MCAL/EXTI/EXTI_prog.o
 .bss.EXTI_ApvidISRParameter
                0x00800184        0x6 ./MCAL/EXTI/EXTI_prog.o
 .bss.TempSetCounter
                0x0080018a        0x2 ./APP/main.o
                0x0080018a                TempSetCounter
 .bss.GlobalCounter
                0x0080018c        0x2 ./APP/main.o
                0x0080018c                GlobalCounter
 .bss.TempIndex.1333
                0x0080018e        0x1 ./APP/main.o
 *(COMMON)
                0x0080018f                PROVIDE (__bss_end, .)
                0x000043fe                __data_load_start = LOADADDR (.data)
                0x00004514                __data_load_end = (__data_load_start + SIZEOF (.data))

.noinit         0x0080018f        0x0
                0x0080018f                PROVIDE (__noinit_start, .)
 *(.noinit*)
                0x0080018f                PROVIDE (__noinit_end, .)
                0x0080018f                _end = .
                0x0080018f                PROVIDE (__heap_start, .)

.eeprom         0x00810000        0x0
 *(.eeprom*)
                0x00810000                __eeprom_end = .

.fuse
 *(.fuse)
 *(.lfuse)
 *(.hfuse)
 *(.efuse)

.lock
 *(.lock*)

.signature
 *(.signature*)

.stab           0x00000000     0x31c8
 *(.stab)
 .stab          0x00000000      0x7f8 ./MCAL/TIMER2/TIMER2_prog.o
 .stab          0x000007f8      0x258 ./MCAL/GIE/GIE_prog.o
                                0x264 (size before relaxing)
 .stab          0x00000a50      0x1e0 ./MCAL/EXTI/EXTI_config.o
                                0x1ec (size before relaxing)
 .stab          0x00000c30      0x858 ./MCAL/EXTI/EXTI_prog.o
                                0x930 (size before relaxing)
 .stab          0x00001488      0x5b8 ./MCAL/EEPROM/EEPROM_prog.o
                                0x5c4 (size before relaxing)
 .stab          0x00001a40      0x60c ./MCAL/DIO/DIO_prog.o
                                0x618 (size before relaxing)
 .stab          0x0000204c      0x450 ./MCAL/ADC/ADC_prog.o
                                0x45c (size before relaxing)
 .stab          0x0000249c      0x2ac ./HAL/two_7seg_decoder/two_7SEG_prog.o
                                0x2b8 (size before relaxing)
 .stab          0x00002748      0x2f4 ./HAL/Temp_sensor/Temp_sensor_prog.o
                                0x300 (size before relaxing)
 .stab          0x00002a3c      0x78c ./APP/main.o
                                0x798 (size before relaxing)

.stabstr        0x00000000     0x12ab
 *(.stabstr)
 .stabstr       0x00000000     0x12ab ./MCAL/TIMER2/TIMER2_prog.o

.stab.excl
 *(.stab.excl)

.stab.exclstr
 *(.stab.exclstr)

.stab.index
 *(.stab.index)

.stab.indexstr
 *(.stab.indexstr)

.comment
 *(.comment)

.debug
 *(.debug)

.line
 *(.line)

.debug_srcinfo
 *(.debug_srcinfo)

.debug_sfnames
 *(.debug_sfnames)

.debug_aranges  0x00000000      0x200
 *(.debug_aranges)
 .debug_aranges
                0x00000000       0x20 e:/embided_deblom/amit/programs/avr_tool/sdk/sdk_win_64/sdk_win_64/winavr/bin/../lib/gcc/avr/4.3.3/avr5\libgcc.a(_muldi3.o)
 .debug_aranges
                0x00000020       0x20 e:/embided_deblom/amit/programs/avr_tool/sdk/sdk_win_64/sdk_win_64/winavr/bin/../lib/gcc/avr/4.3.3/avr5\libgcc.a(_ashldi3.o)
 .debug_aranges
                0x00000040       0x20 e:/embided_deblom/amit/programs/avr_tool/sdk/sdk_win_64/sdk_win_64/winavr/bin/../lib/gcc/avr/4.3.3/avr5\libgcc.a(_fixunssfsi.o)
 .debug_aranges
                0x00000060       0x20 e:/embided_deblom/amit/programs/avr_tool/sdk/sdk_win_64/sdk_win_64/winavr/bin/../lib/gcc/avr/4.3.3/avr5\libgcc.a(_floatundisf.o)
 .debug_aranges
                0x00000080       0x20 e:/embided_deblom/amit/programs/avr_tool/sdk/sdk_win_64/sdk_win_64/winavr/bin/../lib/gcc/avr/4.3.3/avr5\libgcc.a(_addsub_sf.o)
 .debug_aranges
                0x000000a0       0x20 e:/embided_deblom/amit/programs/avr_tool/sdk/sdk_win_64/sdk_win_64/winavr/bin/../lib/gcc/avr/4.3.3/avr5\libgcc.a(_mul_sf.o)
 .debug_aranges
                0x000000c0       0x20 e:/embided_deblom/amit/programs/avr_tool/sdk/sdk_win_64/sdk_win_64/winavr/bin/../lib/gcc/avr/4.3.3/avr5\libgcc.a(_div_sf.o)
 .debug_aranges
                0x000000e0       0x20 e:/embided_deblom/amit/programs/avr_tool/sdk/sdk_win_64/sdk_win_64/winavr/bin/../lib/gcc/avr/4.3.3/avr5\libgcc.a(_ge_sf.o)
 .debug_aranges
                0x00000100       0x20 e:/embided_deblom/amit/programs/avr_tool/sdk/sdk_win_64/sdk_win_64/winavr/bin/../lib/gcc/avr/4.3.3/avr5\libgcc.a(_si_to_sf.o)
 .debug_aranges
                0x00000120       0x20 e:/embided_deblom/amit/programs/avr_tool/sdk/sdk_win_64/sdk_win_64/winavr/bin/../lib/gcc/avr/4.3.3/avr5\libgcc.a(_sf_to_si.o)
 .debug_aranges
                0x00000140       0x20 e:/embided_deblom/amit/programs/avr_tool/sdk/sdk_win_64/sdk_win_64/winavr/bin/../lib/gcc/avr/4.3.3/avr5\libgcc.a(_usi_to_sf.o)
 .debug_aranges
                0x00000160       0x20 e:/embided_deblom/amit/programs/avr_tool/sdk/sdk_win_64/sdk_win_64/winavr/bin/../lib/gcc/avr/4.3.3/avr5\libgcc.a(_lshrdi3.o)
 .debug_aranges
                0x00000180       0x20 e:/embided_deblom/amit/programs/avr_tool/sdk/sdk_win_64/sdk_win_64/winavr/bin/../lib/gcc/avr/4.3.3/avr5\libgcc.a(_clzsi2.o)
 .debug_aranges
                0x000001a0       0x20 e:/embided_deblom/amit/programs/avr_tool/sdk/sdk_win_64/sdk_win_64/winavr/bin/../lib/gcc/avr/4.3.3/avr5\libgcc.a(_pack_sf.o)
 .debug_aranges
                0x000001c0       0x20 e:/embided_deblom/amit/programs/avr_tool/sdk/sdk_win_64/sdk_win_64/winavr/bin/../lib/gcc/avr/4.3.3/avr5\libgcc.a(_unpack_sf.o)
 .debug_aranges
                0x000001e0       0x20 e:/embided_deblom/amit/programs/avr_tool/sdk/sdk_win_64/sdk_win_64/winavr/bin/../lib/gcc/avr/4.3.3/avr5\libgcc.a(_fpcmp_parts_sf.o)

.debug_pubnames
                0x00000000      0x25b
 *(.debug_pubnames)
 .debug_pubnames
                0x00000000       0x1f e:/embided_deblom/amit/programs/avr_tool/sdk/sdk_win_64/sdk_win_64/winavr/bin/../lib/gcc/avr/4.3.3/avr5\libgcc.a(_muldi3.o)
 .debug_pubnames
                0x0000001f       0x20 e:/embided_deblom/amit/programs/avr_tool/sdk/sdk_win_64/sdk_win_64/winavr/bin/../lib/gcc/avr/4.3.3/avr5\libgcc.a(_ashldi3.o)
 .debug_pubnames
                0x0000003f       0x23 e:/embided_deblom/amit/programs/avr_tool/sdk/sdk_win_64/sdk_win_64/winavr/bin/../lib/gcc/avr/4.3.3/avr5\libgcc.a(_fixunssfsi.o)
 .debug_pubnames
                0x00000062       0x24 e:/embided_deblom/amit/programs/avr_tool/sdk/sdk_win_64/sdk_win_64/winavr/bin/../lib/gcc/avr/4.3.3/avr5\libgcc.a(_floatundisf.o)
 .debug_pubnames
                0x00000086       0x2c e:/embided_deblom/amit/programs/avr_tool/sdk/sdk_win_64/sdk_win_64/winavr/bin/../lib/gcc/avr/4.3.3/avr5\libgcc.a(_addsub_sf.o)
 .debug_pubnames
                0x000000b2       0x1f e:/embided_deblom/amit/programs/avr_tool/sdk/sdk_win_64/sdk_win_64/winavr/bin/../lib/gcc/avr/4.3.3/avr5\libgcc.a(_mul_sf.o)
 .debug_pubnames
                0x000000d1       0x1f e:/embided_deblom/amit/programs/avr_tool/sdk/sdk_win_64/sdk_win_64/winavr/bin/../lib/gcc/avr/4.3.3/avr5\libgcc.a(_div_sf.o)
 .debug_pubnames
                0x000000f0       0x1e e:/embided_deblom/amit/programs/avr_tool/sdk/sdk_win_64/sdk_win_64/winavr/bin/../lib/gcc/avr/4.3.3/avr5\libgcc.a(_ge_sf.o)
 .debug_pubnames
                0x0000010e       0x22 e:/embided_deblom/amit/programs/avr_tool/sdk/sdk_win_64/sdk_win_64/winavr/bin/../lib/gcc/avr/4.3.3/avr5\libgcc.a(_si_to_sf.o)
 .debug_pubnames
                0x00000130       0x20 e:/embided_deblom/amit/programs/avr_tool/sdk/sdk_win_64/sdk_win_64/winavr/bin/../lib/gcc/avr/4.3.3/avr5\libgcc.a(_sf_to_si.o)
 .debug_pubnames
                0x00000150       0x22 e:/embided_deblom/amit/programs/avr_tool/sdk/sdk_win_64/sdk_win_64/winavr/bin/../lib/gcc/avr/4.3.3/avr5\libgcc.a(_thenan_sf.o)
 .debug_pubnames
                0x00000172       0x24 e:/embided_deblom/amit/programs/avr_tool/sdk/sdk_win_64/sdk_win_64/winavr/bin/../lib/gcc/avr/4.3.3/avr5\libgcc.a(_usi_to_sf.o)
 .debug_pubnames
                0x00000196       0x20 e:/embided_deblom/amit/programs/avr_tool/sdk/sdk_win_64/sdk_win_64/winavr/bin/../lib/gcc/avr/4.3.3/avr5\libgcc.a(_lshrdi3.o)
 .debug_pubnames
                0x000001b6       0x20 e:/embided_deblom/amit/programs/avr_tool/sdk/sdk_win_64/sdk_win_64/winavr/bin/../lib/gcc/avr/4.3.3/avr5\libgcc.a(_clz.o)
 .debug_pubnames
                0x000001d6       0x1f e:/embided_deblom/amit/programs/avr_tool/sdk/sdk_win_64/sdk_win_64/winavr/bin/../lib/gcc/avr/4.3.3/avr5\libgcc.a(_clzsi2.o)
 .debug_pubnames
                0x000001f5       0x1f e:/embided_deblom/amit/programs/avr_tool/sdk/sdk_win_64/sdk_win_64/winavr/bin/../lib/gcc/avr/4.3.3/avr5\libgcc.a(_pack_sf.o)
 .debug_pubnames
                0x00000214       0x21 e:/embided_deblom/amit/programs/avr_tool/sdk/sdk_win_64/sdk_win_64/winavr/bin/../lib/gcc/avr/4.3.3/avr5\libgcc.a(_unpack_sf.o)
 .debug_pubnames
                0x00000235       0x26 e:/embided_deblom/amit/programs/avr_tool/sdk/sdk_win_64/sdk_win_64/winavr/bin/../lib/gcc/avr/4.3.3/avr5\libgcc.a(_fpcmp_parts_sf.o)

.debug_info     0x00000000     0x277a
 *(.debug_info)
 .debug_info    0x00000000      0x206 e:/embided_deblom/amit/programs/avr_tool/sdk/sdk_win_64/sdk_win_64/winavr/bin/../lib/gcc/avr/4.3.3/avr5\libgcc.a(_muldi3.o)
 .debug_info    0x00000206      0x17f e:/embided_deblom/amit/programs/avr_tool/sdk/sdk_win_64/sdk_win_64/winavr/bin/../lib/gcc/avr/4.3.3/avr5\libgcc.a(_ashldi3.o)
 .debug_info    0x00000385       0xb1 e:/embided_deblom/amit/programs/avr_tool/sdk/sdk_win_64/sdk_win_64/winavr/bin/../lib/gcc/avr/4.3.3/avr5\libgcc.a(_fixunssfsi.o)
 .debug_info    0x00000436      0x162 e:/embided_deblom/amit/programs/avr_tool/sdk/sdk_win_64/sdk_win_64/winavr/bin/../lib/gcc/avr/4.3.3/avr5\libgcc.a(_floatundisf.o)
 .debug_info    0x00000598      0x47a e:/embided_deblom/amit/programs/avr_tool/sdk/sdk_win_64/sdk_win_64/winavr/bin/../lib/gcc/avr/4.3.3/avr5\libgcc.a(_addsub_sf.o)
 .debug_info    0x00000a12      0x485 e:/embided_deblom/amit/programs/avr_tool/sdk/sdk_win_64/sdk_win_64/winavr/bin/../lib/gcc/avr/4.3.3/avr5\libgcc.a(_mul_sf.o)
 .debug_info    0x00000e97      0x3fc e:/embided_deblom/amit/programs/avr_tool/sdk/sdk_win_64/sdk_win_64/winavr/bin/../lib/gcc/avr/4.3.3/avr5\libgcc.a(_div_sf.o)
 .debug_info    0x00001293      0x27f e:/embided_deblom/amit/programs/avr_tool/sdk/sdk_win_64/sdk_win_64/winavr/bin/../lib/gcc/avr/4.3.3/avr5\libgcc.a(_ge_sf.o)
 .debug_info    0x00001512      0x207 e:/embided_deblom/amit/programs/avr_tool/sdk/sdk_win_64/sdk_win_64/winavr/bin/../lib/gcc/avr/4.3.3/avr5\libgcc.a(_si_to_sf.o)
 .debug_info    0x00001719      0x2b0 e:/embided_deblom/amit/programs/avr_tool/sdk/sdk_win_64/sdk_win_64/winavr/bin/../lib/gcc/avr/4.3.3/avr5\libgcc.a(_sf_to_si.o)
 .debug_info    0x000019c9      0x12c e:/embided_deblom/amit/programs/avr_tool/sdk/sdk_win_64/sdk_win_64/winavr/bin/../lib/gcc/avr/4.3.3/avr5\libgcc.a(_thenan_sf.o)
 .debug_info    0x00001af5      0x206 e:/embided_deblom/amit/programs/avr_tool/sdk/sdk_win_64/sdk_win_64/winavr/bin/../lib/gcc/avr/4.3.3/avr5\libgcc.a(_usi_to_sf.o)
 .debug_info    0x00001cfb      0x17f e:/embided_deblom/amit/programs/avr_tool/sdk/sdk_win_64/sdk_win_64/winavr/bin/../lib/gcc/avr/4.3.3/avr5\libgcc.a(_lshrdi3.o)
 .debug_info    0x00001e7a       0xa9 e:/embided_deblom/amit/programs/avr_tool/sdk/sdk_win_64/sdk_win_64/winavr/bin/../lib/gcc/avr/4.3.3/avr5\libgcc.a(_clz.o)
 .debug_info    0x00001f23      0x117 e:/embided_deblom/amit/programs/avr_tool/sdk/sdk_win_64/sdk_win_64/winavr/bin/../lib/gcc/avr/4.3.3/avr5\libgcc.a(_clzsi2.o)
 .debug_info    0x0000203a      0x2df e:/embided_deblom/amit/programs/avr_tool/sdk/sdk_win_64/sdk_win_64/winavr/bin/../lib/gcc/avr/4.3.3/avr5\libgcc.a(_pack_sf.o)
 .debug_info    0x00002319      0x251 e:/embided_deblom/amit/programs/avr_tool/sdk/sdk_win_64/sdk_win_64/winavr/bin/../lib/gcc/avr/4.3.3/avr5\libgcc.a(_unpack_sf.o)
 .debug_info    0x0000256a      0x210 e:/embided_deblom/amit/programs/avr_tool/sdk/sdk_win_64/sdk_win_64/winavr/bin/../lib/gcc/avr/4.3.3/avr5\libgcc.a(_fpcmp_parts_sf.o)
 *(.gnu.linkonce.wi.*)

.debug_abbrev   0x00000000     0x15b9
 *(.debug_abbrev)
 .debug_abbrev  0x00000000       0xf0 e:/embided_deblom/amit/programs/avr_tool/sdk/sdk_win_64/sdk_win_64/winavr/bin/../lib/gcc/avr/4.3.3/avr5\libgcc.a(_muldi3.o)
 .debug_abbrev  0x000000f0       0xee e:/embided_deblom/amit/programs/avr_tool/sdk/sdk_win_64/sdk_win_64/winavr/bin/../lib/gcc/avr/4.3.3/avr5\libgcc.a(_ashldi3.o)
 .debug_abbrev  0x000001de       0x5d e:/embided_deblom/amit/programs/avr_tool/sdk/sdk_win_64/sdk_win_64/winavr/bin/../lib/gcc/avr/4.3.3/avr5\libgcc.a(_fixunssfsi.o)
 .debug_abbrev  0x0000023b       0xd3 e:/embided_deblom/amit/programs/avr_tool/sdk/sdk_win_64/sdk_win_64/winavr/bin/../lib/gcc/avr/4.3.3/avr5\libgcc.a(_floatundisf.o)
 .debug_abbrev  0x0000030e      0x1ea e:/embided_deblom/amit/programs/avr_tool/sdk/sdk_win_64/sdk_win_64/winavr/bin/../lib/gcc/avr/4.3.3/avr5\libgcc.a(_addsub_sf.o)
 .debug_abbrev  0x000004f8      0x21b e:/embided_deblom/amit/programs/avr_tool/sdk/sdk_win_64/sdk_win_64/winavr/bin/../lib/gcc/avr/4.3.3/avr5\libgcc.a(_mul_sf.o)
 .debug_abbrev  0x00000713      0x216 e:/embided_deblom/amit/programs/avr_tool/sdk/sdk_win_64/sdk_win_64/winavr/bin/../lib/gcc/avr/4.3.3/avr5\libgcc.a(_div_sf.o)
 .debug_abbrev  0x00000929      0x15a e:/embided_deblom/amit/programs/avr_tool/sdk/sdk_win_64/sdk_win_64/winavr/bin/../lib/gcc/avr/4.3.3/avr5\libgcc.a(_ge_sf.o)
 .debug_abbrev  0x00000a83      0x148 e:/embided_deblom/amit/programs/avr_tool/sdk/sdk_win_64/sdk_win_64/winavr/bin/../lib/gcc/avr/4.3.3/avr5\libgcc.a(_si_to_sf.o)
 .debug_abbrev  0x00000bcb      0x17f e:/embided_deblom/amit/programs/avr_tool/sdk/sdk_win_64/sdk_win_64/winavr/bin/../lib/gcc/avr/4.3.3/avr5\libgcc.a(_sf_to_si.o)
 .debug_abbrev  0x00000d4a       0xad e:/embided_deblom/amit/programs/avr_tool/sdk/sdk_win_64/sdk_win_64/winavr/bin/../lib/gcc/avr/4.3.3/avr5\libgcc.a(_thenan_sf.o)
 .debug_abbrev  0x00000df7      0x157 e:/embided_deblom/amit/programs/avr_tool/sdk/sdk_win_64/sdk_win_64/winavr/bin/../lib/gcc/avr/4.3.3/avr5\libgcc.a(_usi_to_sf.o)
 .debug_abbrev  0x00000f4e       0xee e:/embided_deblom/amit/programs/avr_tool/sdk/sdk_win_64/sdk_win_64/winavr/bin/../lib/gcc/avr/4.3.3/avr5\libgcc.a(_lshrdi3.o)
 .debug_abbrev  0x0000103c       0x6a e:/embided_deblom/amit/programs/avr_tool/sdk/sdk_win_64/sdk_win_64/winavr/bin/../lib/gcc/avr/4.3.3/avr5\libgcc.a(_clz.o)
 .debug_abbrev  0x000010a6       0xc4 e:/embided_deblom/amit/programs/avr_tool/sdk/sdk_win_64/sdk_win_64/winavr/bin/../lib/gcc/avr/4.3.3/avr5\libgcc.a(_clzsi2.o)
 .debug_abbrev  0x0000116a      0x1c0 e:/embided_deblom/amit/programs/avr_tool/sdk/sdk_win_64/sdk_win_64/winavr/bin/../lib/gcc/avr/4.3.3/avr5\libgcc.a(_pack_sf.o)
 .debug_abbrev  0x0000132a      0x154 e:/embided_deblom/amit/programs/avr_tool/sdk/sdk_win_64/sdk_win_64/winavr/bin/../lib/gcc/avr/4.3.3/avr5\libgcc.a(_unpack_sf.o)
 .debug_abbrev  0x0000147e      0x13b e:/embided_deblom/amit/programs/avr_tool/sdk/sdk_win_64/sdk_win_64/winavr/bin/../lib/gcc/avr/4.3.3/avr5\libgcc.a(_fpcmp_parts_sf.o)

.debug_line     0x00000000     0x14bf
 *(.debug_line)
 .debug_line    0x00000000       0xaf e:/embided_deblom/amit/programs/avr_tool/sdk/sdk_win_64/sdk_win_64/winavr/bin/../lib/gcc/avr/4.3.3/avr5\libgcc.a(_muldi3.o)
 .debug_line    0x000000af       0xd7 e:/embided_deblom/amit/programs/avr_tool/sdk/sdk_win_64/sdk_win_64/winavr/bin/../lib/gcc/avr/4.3.3/avr5\libgcc.a(_ashldi3.o)
 .debug_line    0x00000186       0xa7 e:/embided_deblom/amit/programs/avr_tool/sdk/sdk_win_64/sdk_win_64/winavr/bin/../lib/gcc/avr/4.3.3/avr5\libgcc.a(_fixunssfsi.o)
 .debug_line    0x0000022d       0xfd e:/embided_deblom/amit/programs/avr_tool/sdk/sdk_win_64/sdk_win_64/winavr/bin/../lib/gcc/avr/4.3.3/avr5\libgcc.a(_floatundisf.o)
 .debug_line    0x0000032a      0x2af e:/embided_deblom/amit/programs/avr_tool/sdk/sdk_win_64/sdk_win_64/winavr/bin/../lib/gcc/avr/4.3.3/avr5\libgcc.a(_addsub_sf.o)
 .debug_line    0x000005d9      0x239 e:/embided_deblom/amit/programs/avr_tool/sdk/sdk_win_64/sdk_win_64/winavr/bin/../lib/gcc/avr/4.3.3/avr5\libgcc.a(_mul_sf.o)
 .debug_line    0x00000812      0x1d5 e:/embided_deblom/amit/programs/avr_tool/sdk/sdk_win_64/sdk_win_64/winavr/bin/../lib/gcc/avr/4.3.3/avr5\libgcc.a(_div_sf.o)
 .debug_line    0x000009e7       0xd3 e:/embided_deblom/amit/programs/avr_tool/sdk/sdk_win_64/sdk_win_64/winavr/bin/../lib/gcc/avr/4.3.3/avr5\libgcc.a(_ge_sf.o)
 .debug_line    0x00000aba      0x135 e:/embided_deblom/amit/programs/avr_tool/sdk/sdk_win_64/sdk_win_64/winavr/bin/../lib/gcc/avr/4.3.3/avr5\libgcc.a(_si_to_sf.o)
 .debug_line    0x00000bef      0x109 e:/embided_deblom/amit/programs/avr_tool/sdk/sdk_win_64/sdk_win_64/winavr/bin/../lib/gcc/avr/4.3.3/avr5\libgcc.a(_sf_to_si.o)
 .debug_line    0x00000cf8       0x90 e:/embided_deblom/amit/programs/avr_tool/sdk/sdk_win_64/sdk_win_64/winavr/bin/../lib/gcc/avr/4.3.3/avr5\libgcc.a(_thenan_sf.o)
 .debug_line    0x00000d88      0x133 e:/embided_deblom/amit/programs/avr_tool/sdk/sdk_win_64/sdk_win_64/winavr/bin/../lib/gcc/avr/4.3.3/avr5\libgcc.a(_usi_to_sf.o)
 .debug_line    0x00000ebb       0xd7 e:/embided_deblom/amit/programs/avr_tool/sdk/sdk_win_64/sdk_win_64/winavr/bin/../lib/gcc/avr/4.3.3/avr5\libgcc.a(_lshrdi3.o)
 .debug_line    0x00000f92       0x7c e:/embided_deblom/amit/programs/avr_tool/sdk/sdk_win_64/sdk_win_64/winavr/bin/../lib/gcc/avr/4.3.3/avr5\libgcc.a(_clz.o)
 .debug_line    0x0000100e       0xa5 e:/embided_deblom/amit/programs/avr_tool/sdk/sdk_win_64/sdk_win_64/winavr/bin/../lib/gcc/avr/4.3.3/avr5\libgcc.a(_clzsi2.o)
 .debug_line    0x000010b3      0x18a e:/embided_deblom/amit/programs/avr_tool/sdk/sdk_win_64/sdk_win_64/winavr/bin/../lib/gcc/avr/4.3.3/avr5\libgcc.a(_pack_sf.o)
 .debug_line    0x0000123d      0x14b e:/embided_deblom/amit/programs/avr_tool/sdk/sdk_win_64/sdk_win_64/winavr/bin/../lib/gcc/avr/4.3.3/avr5\libgcc.a(_unpack_sf.o)
 .debug_line    0x00001388      0x137 e:/embided_deblom/amit/programs/avr_tool/sdk/sdk_win_64/sdk_win_64/winavr/bin/../lib/gcc/avr/4.3.3/avr5\libgcc.a(_fpcmp_parts_sf.o)

.debug_frame    0x00000000      0x220
 *(.debug_frame)
 .debug_frame   0x00000000       0x20 e:/embided_deblom/amit/programs/avr_tool/sdk/sdk_win_64/sdk_win_64/winavr/bin/../lib/gcc/avr/4.3.3/avr5\libgcc.a(_muldi3.o)
 .debug_frame   0x00000020       0x20 e:/embided_deblom/amit/programs/avr_tool/sdk/sdk_win_64/sdk_win_64/winavr/bin/../lib/gcc/avr/4.3.3/avr5\libgcc.a(_ashldi3.o)
 .debug_frame   0x00000040       0x20 e:/embided_deblom/amit/programs/avr_tool/sdk/sdk_win_64/sdk_win_64/winavr/bin/../lib/gcc/avr/4.3.3/avr5\libgcc.a(_fixunssfsi.o)
 .debug_frame   0x00000060       0x20 e:/embided_deblom/amit/programs/avr_tool/sdk/sdk_win_64/sdk_win_64/winavr/bin/../lib/gcc/avr/4.3.3/avr5\libgcc.a(_floatundisf.o)
 .debug_frame   0x00000080       0x40 e:/embided_deblom/amit/programs/avr_tool/sdk/sdk_win_64/sdk_win_64/winavr/bin/../lib/gcc/avr/4.3.3/avr5\libgcc.a(_addsub_sf.o)
 .debug_frame   0x000000c0       0x20 e:/embided_deblom/amit/programs/avr_tool/sdk/sdk_win_64/sdk_win_64/winavr/bin/../lib/gcc/avr/4.3.3/avr5\libgcc.a(_mul_sf.o)
 .debug_frame   0x000000e0       0x20 e:/embided_deblom/amit/programs/avr_tool/sdk/sdk_win_64/sdk_win_64/winavr/bin/../lib/gcc/avr/4.3.3/avr5\libgcc.a(_div_sf.o)
 .debug_frame   0x00000100       0x20 e:/embided_deblom/amit/programs/avr_tool/sdk/sdk_win_64/sdk_win_64/winavr/bin/../lib/gcc/avr/4.3.3/avr5\libgcc.a(_ge_sf.o)
 .debug_frame   0x00000120       0x20 e:/embided_deblom/amit/programs/avr_tool/sdk/sdk_win_64/sdk_win_64/winavr/bin/../lib/gcc/avr/4.3.3/avr5\libgcc.a(_si_to_sf.o)
 .debug_frame   0x00000140       0x20 e:/embided_deblom/amit/programs/avr_tool/sdk/sdk_win_64/sdk_win_64/winavr/bin/../lib/gcc/avr/4.3.3/avr5\libgcc.a(_sf_to_si.o)
 .debug_frame   0x00000160       0x20 e:/embided_deblom/amit/programs/avr_tool/sdk/sdk_win_64/sdk_win_64/winavr/bin/../lib/gcc/avr/4.3.3/avr5\libgcc.a(_usi_to_sf.o)
 .debug_frame   0x00000180       0x20 e:/embided_deblom/amit/programs/avr_tool/sdk/sdk_win_64/sdk_win_64/winavr/bin/../lib/gcc/avr/4.3.3/avr5\libgcc.a(_lshrdi3.o)
 .debug_frame   0x000001a0       0x20 e:/embided_deblom/amit/programs/avr_tool/sdk/sdk_win_64/sdk_win_64/winavr/bin/../lib/gcc/avr/4.3.3/avr5\libgcc.a(_clzsi2.o)
 .debug_frame   0x000001c0       0x20 e:/embided_deblom/amit/programs/avr_tool/sdk/sdk_win_64/sdk_win_64/winavr/bin/../lib/gcc/avr/4.3.3/avr5\libgcc.a(_pack_sf.o)
 .debug_frame   0x000001e0       0x20 e:/embided_deblom/amit/programs/avr_tool/sdk/sdk_win_64/sdk_win_64/winavr/bin/../lib/gcc/avr/4.3.3/avr5\libgcc.a(_unpack_sf.o)
 .debug_frame   0x00000200       0x20 e:/embided_deblom/amit/programs/avr_tool/sdk/sdk_win_64/sdk_win_64/winavr/bin/../lib/gcc/avr/4.3.3/avr5\libgcc.a(_fpcmp_parts_sf.o)

.debug_str      0x00000000      0x382
 *(.debug_str)
 .debug_str     0x00000000       0xed e:/embided_deblom/amit/programs/avr_tool/sdk/sdk_win_64/sdk_win_64/winavr/bin/../lib/gcc/avr/4.3.3/avr5\libgcc.a(_muldi3.o)
                                0x13f (size before relaxing)
 .debug_str     0x000000ed       0x23 e:/embided_deblom/amit/programs/avr_tool/sdk/sdk_win_64/sdk_win_64/winavr/bin/../lib/gcc/avr/4.3.3/avr5\libgcc.a(_ashldi3.o)
                                0x131 (size before relaxing)
 .debug_str     0x00000110       0x14 e:/embided_deblom/amit/programs/avr_tool/sdk/sdk_win_64/sdk_win_64/winavr/bin/../lib/gcc/avr/4.3.3/avr5\libgcc.a(_fixunssfsi.o)
                                 0xfe (size before relaxing)
 .debug_str     0x00000124       0x39 e:/embided_deblom/amit/programs/avr_tool/sdk/sdk_win_64/sdk_win_64/winavr/bin/../lib/gcc/avr/4.3.3/avr5\libgcc.a(_floatundisf.o)
                                0x12a (size before relaxing)
 .debug_str     0x0000015d      0x14d e:/embided_deblom/amit/programs/avr_tool/sdk/sdk_win_64/sdk_win_64/winavr/bin/../lib/gcc/avr/4.3.3/avr5\libgcc.a(_addsub_sf.o)
                                0x206 (size before relaxing)
 .debug_str     0x000002aa       0x27 e:/embided_deblom/amit/programs/avr_tool/sdk/sdk_win_64/sdk_win_64/winavr/bin/../lib/gcc/avr/4.3.3/avr5\libgcc.a(_mul_sf.o)
                                0x1bf (size before relaxing)
 .debug_str     0x000002d1       0x35 e:/embided_deblom/amit/programs/avr_tool/sdk/sdk_win_64/sdk_win_64/winavr/bin/../lib/gcc/avr/4.3.3/avr5\libgcc.a(_div_sf.o)
                                0x1c8 (size before relaxing)
 .debug_str     0x00000306        0x8 e:/embided_deblom/amit/programs/avr_tool/sdk/sdk_win_64/sdk_win_64/winavr/bin/../lib/gcc/avr/4.3.3/avr5\libgcc.a(_ge_sf.o)
                                0x195 (size before relaxing)
 .debug_str     0x0000030e       0x18 e:/embided_deblom/amit/programs/avr_tool/sdk/sdk_win_64/sdk_win_64/winavr/bin/../lib/gcc/avr/4.3.3/avr5\libgcc.a(_si_to_sf.o)
                                0x17b (size before relaxing)
 .debug_str     0x00000326        0xa e:/embided_deblom/amit/programs/avr_tool/sdk/sdk_win_64/sdk_win_64/winavr/bin/../lib/gcc/avr/4.3.3/avr5\libgcc.a(_sf_to_si.o)
                                0x19e (size before relaxing)
 .debug_str     0x00000000      0x103 e:/embided_deblom/amit/programs/avr_tool/sdk/sdk_win_64/sdk_win_64/winavr/bin/../lib/gcc/avr/4.3.3/avr5\libgcc.a(_thenan_sf.o)
 .debug_str     0x00000330       0x14 e:/embided_deblom/amit/programs/avr_tool/sdk/sdk_win_64/sdk_win_64/winavr/bin/../lib/gcc/avr/4.3.3/avr5\libgcc.a(_usi_to_sf.o)
                                0x177 (size before relaxing)
 .debug_str     0x00000344        0xa e:/embided_deblom/amit/programs/avr_tool/sdk/sdk_win_64/sdk_win_64/winavr/bin/../lib/gcc/avr/4.3.3/avr5\libgcc.a(_lshrdi3.o)
                                0x131 (size before relaxing)
 .debug_str     0x00000000       0xf4 e:/embided_deblom/amit/programs/avr_tool/sdk/sdk_win_64/sdk_win_64/winavr/bin/../lib/gcc/avr/4.3.3/avr5\libgcc.a(_clz.o)
 .debug_str     0x0000034e        0x9 e:/embided_deblom/amit/programs/avr_tool/sdk/sdk_win_64/sdk_win_64/winavr/bin/../lib/gcc/avr/4.3.3/avr5\libgcc.a(_clzsi2.o)
                                0x111 (size before relaxing)
 .debug_str     0x00000357       0x10 e:/embided_deblom/amit/programs/avr_tool/sdk/sdk_win_64/sdk_win_64/winavr/bin/../lib/gcc/avr/4.3.3/avr5\libgcc.a(_pack_sf.o)
                                0x19d (size before relaxing)
 .debug_str     0x00000367        0xb e:/embided_deblom/amit/programs/avr_tool/sdk/sdk_win_64/sdk_win_64/winavr/bin/../lib/gcc/avr/4.3.3/avr5\libgcc.a(_unpack_sf.o)
                                0x17f (size before relaxing)
 .debug_str     0x00000372       0x10 e:/embided_deblom/amit/programs/avr_tool/sdk/sdk_win_64/sdk_win_64/winavr/bin/../lib/gcc/avr/4.3.3/avr5\libgcc.a(_fpcmp_parts_sf.o)
                                0x163 (size before relaxing)

.debug_loc      0x00000000      0xe48
 *(.debug_loc)
 .debug_loc     0x00000000       0xcc e:/embided_deblom/amit/programs/avr_tool/sdk/sdk_win_64/sdk_win_64/winavr/bin/../lib/gcc/avr/4.3.3/avr5\libgcc.a(_muldi3.o)
 .debug_loc     0x000000cc       0xf8 e:/embided_deblom/amit/programs/avr_tool/sdk/sdk_win_64/sdk_win_64/winavr/bin/../lib/gcc/avr/4.3.3/avr5\libgcc.a(_ashldi3.o)
 .debug_loc     0x000001c4       0x34 e:/embided_deblom/amit/programs/avr_tool/sdk/sdk_win_64/sdk_win_64/winavr/bin/../lib/gcc/avr/4.3.3/avr5\libgcc.a(_fixunssfsi.o)
 .debug_loc     0x000001f8      0x1ea e:/embided_deblom/amit/programs/avr_tool/sdk/sdk_win_64/sdk_win_64/winavr/bin/../lib/gcc/avr/4.3.3/avr5\libgcc.a(_floatundisf.o)
 .debug_loc     0x000003e2      0x32a e:/embided_deblom/amit/programs/avr_tool/sdk/sdk_win_64/sdk_win_64/winavr/bin/../lib/gcc/avr/4.3.3/avr5\libgcc.a(_addsub_sf.o)
 .debug_loc     0x0000070c      0x104 e:/embided_deblom/amit/programs/avr_tool/sdk/sdk_win_64/sdk_win_64/winavr/bin/../lib/gcc/avr/4.3.3/avr5\libgcc.a(_mul_sf.o)
 .debug_loc     0x00000810       0xc0 e:/embided_deblom/amit/programs/avr_tool/sdk/sdk_win_64/sdk_win_64/winavr/bin/../lib/gcc/avr/4.3.3/avr5\libgcc.a(_div_sf.o)
 .debug_loc     0x000008d0       0x3c e:/embided_deblom/amit/programs/avr_tool/sdk/sdk_win_64/sdk_win_64/winavr/bin/../lib/gcc/avr/4.3.3/avr5\libgcc.a(_ge_sf.o)
 .debug_loc     0x0000090c       0xac e:/embided_deblom/amit/programs/avr_tool/sdk/sdk_win_64/sdk_win_64/winavr/bin/../lib/gcc/avr/4.3.3/avr5\libgcc.a(_si_to_sf.o)
 .debug_loc     0x000009b8       0x7e e:/embided_deblom/amit/programs/avr_tool/sdk/sdk_win_64/sdk_win_64/winavr/bin/../lib/gcc/avr/4.3.3/avr5\libgcc.a(_sf_to_si.o)
 .debug_loc     0x00000a36       0x4c e:/embided_deblom/amit/programs/avr_tool/sdk/sdk_win_64/sdk_win_64/winavr/bin/../lib/gcc/avr/4.3.3/avr5\libgcc.a(_usi_to_sf.o)
 .debug_loc     0x00000a82       0xf8 e:/embided_deblom/amit/programs/avr_tool/sdk/sdk_win_64/sdk_win_64/winavr/bin/../lib/gcc/avr/4.3.3/avr5\libgcc.a(_lshrdi3.o)
 .debug_loc     0x00000b7a       0x94 e:/embided_deblom/amit/programs/avr_tool/sdk/sdk_win_64/sdk_win_64/winavr/bin/../lib/gcc/avr/4.3.3/avr5\libgcc.a(_clzsi2.o)
 .debug_loc     0x00000c0e      0x13e e:/embided_deblom/amit/programs/avr_tool/sdk/sdk_win_64/sdk_win_64/winavr/bin/../lib/gcc/avr/4.3.3/avr5\libgcc.a(_pack_sf.o)
 .debug_loc     0x00000d4c       0xac e:/embided_deblom/amit/programs/avr_tool/sdk/sdk_win_64/sdk_win_64/winavr/bin/../lib/gcc/avr/4.3.3/avr5\libgcc.a(_unpack_sf.o)
 .debug_loc     0x00000df8       0x50 e:/embided_deblom/amit/programs/avr_tool/sdk/sdk_win_64/sdk_win_64/winavr/bin/../lib/gcc/avr/4.3.3/avr5\libgcc.a(_fpcmp_parts_sf.o)

.debug_macinfo
 *(.debug_macinfo)
OUTPUT(ElectricWaterHeater.elf elf32-avr)
LOAD linker stubs

.debug_ranges   0x00000000       0x50
 .debug_ranges  0x00000000       0x50 e:/embided_deblom/amit/programs/avr_tool/sdk/sdk_win_64/sdk_win_64/winavr/bin/../lib/gcc/avr/4.3.3/avr5\libgcc.a(_mul_sf.o)
